------------------------------------------------------------
Timing Analyzer Summary
------------------------------------------------------------

Type  : Slow 1200mV 85C Model Setup 'Clock_Divider:clkStage|tmp'
Slack : -4.582
TNS   : -416.304

Type  : Slow 1200mV 85C Model Setup 'clkFPGA'
Slack : -4.194
TNS   : -61.973

Type  : Slow 1200mV 85C Model Hold 'Clock_Divider:clkStage|tmp'
Slack : 0.324
TNS   : 0.000

Type  : Slow 1200mV 85C Model Hold 'clkFPGA'
Slack : 0.645
TNS   : 0.000

Type  : Slow 1200mV 85C Model Minimum Pulse Width 'clkFPGA'
Slack : -3.000
TNS   : -49.299

Type  : Slow 1200mV 85C Model Minimum Pulse Width 'Clock_Divider:clkStage|tmp'
Slack : -1.403
TNS   : -145.912

Type  : Slow 1200mV 0C Model Setup 'Clock_Divider:clkStage|tmp'
Slack : -4.119
TNS   : -374.964

Type  : Slow 1200mV 0C Model Setup 'clkFPGA'
Slack : -3.811
TNS   : -52.878

Type  : Slow 1200mV 0C Model Hold 'Clock_Divider:clkStage|tmp'
Slack : 0.292
TNS   : 0.000

Type  : Slow 1200mV 0C Model Hold 'clkFPGA'
Slack : 0.597
TNS   : 0.000

Type  : Slow 1200mV 0C Model Minimum Pulse Width 'clkFPGA'
Slack : -3.000
TNS   : -49.299

Type  : Slow 1200mV 0C Model Minimum Pulse Width 'Clock_Divider:clkStage|tmp'
Slack : -1.403
TNS   : -145.912

Type  : Fast 1200mV 0C Model Setup 'Clock_Divider:clkStage|tmp'
Slack : -1.341
TNS   : -112.262

Type  : Fast 1200mV 0C Model Setup 'clkFPGA'
Slack : -1.330
TNS   : -6.901

Type  : Fast 1200mV 0C Model Hold 'Clock_Divider:clkStage|tmp'
Slack : 0.142
TNS   : 0.000

Type  : Fast 1200mV 0C Model Hold 'clkFPGA'
Slack : 0.249
TNS   : 0.000

Type  : Fast 1200mV 0C Model Minimum Pulse Width 'clkFPGA'
Slack : -3.000
TNS   : -37.122

Type  : Fast 1200mV 0C Model Minimum Pulse Width 'Clock_Divider:clkStage|tmp'
Slack : -1.000
TNS   : -104.000

------------------------------------------------------------
